[updatefaker.com/windows11/index.html]
[updatefaker.com/detroitchicago/boise.js]
[updatefaker.com/detroitchicago/boise420f.js]
[updatefaker.com/detroitchicago/memphis.js]
[updatefaker.com/detroitchicago/memphisd472.js]
[updatefaker.com/detroitchicago/minneapolis.js]
[updatefaker.com/detroitchicago/minneapolis453e.js]
[updatefaker.com/detroitchicago/rochester.js]
[updatefaker.com/detroitchicago/rochester9620.js]
[updatefaker.com/detroitchicago/raleigh.js]
[updatefaker.com/detroitchicago/raleigh2693.js]
[updatefaker.com/detroitchicago/tampa.js]
[updatefaker.com/detroitchicago/tampa45f7.js]
[updatefaker.com/detroitchicago/tulsa.js]
[backblue.gif]
[fade.gif]
[index.html]
[updatefaker.com/detroitchicago/tulsa1fee.js]
[code.jquery.com/jquery-latest.js]
[updatefaker.com/windows11/translations.js]
[updatefaker.com/sharedjs/disablerightclick.js]
[updatefaker.com/sharedjs/bluescreen.js]
[updatefaker.com/sharedjs/percentagecounter.js]
[updatefaker.com/windows11/style.css]
[updatefaker.com/tardisrocinante/vitals.js]
[updatefaker.com/tardisrocinante/vitals5038.js]
[go.ezodn.com/detroitchicago/audins0d9f.js]
[pixel.quantserve.com/pixel/p-31iz6hfFutd16ecf4.gif]
[updatefaker.com/beardeddragon/drake.js]
[updatefaker.com/windows11/index.html]
[updatefaker.com/beardeddragon/drake6190.js]
[updatefaker.com/detroitchicago/grapefruit.html]
[updatefaker.com/porpoiseant/army.html]
[updatefaker.com/windows11/style.css]
[updatefaker.com/windows11/audins.html]
[updatefaker.com/windows11/trans.png]
